-- smallint outliers both limits are null
SELECT vec_without_outliers(smallints, NULL, NULL) FROM measurements WHERE sensor_id IN (4);
 vec_without_outliers 
----------------------
 {1,NULL,2}
(1 row)

-- smallint outliers one limit is null
SELECT vec_without_outliers(smallints, NULL, ARRAY[NULL, NULL, 1]::float[]) FROM measurements WHERE sensor_id IN (4);
 vec_without_outliers 
----------------------
 {1,NULL,NULL}
(1 row)

-- smallint outliers both limits are present
SELECT vec_without_outliers(smallints, ARRAY[5, NULL, -5]::float[], ARRAY[NULL, NULL, 1]::float[]) FROM measurements WHERE sensor_id IN (4);
 vec_without_outliers 
----------------------
 {NULL,NULL,NULL}
(1 row)

-- smallint outliers pass mins and maxes
SELECT vec_without_outliers(smallints, ARRAY[-5, -5, -5]::float[], ARRAY[5, 5, 5]::float[]) FROM measurements WHERE sensor_id IN (4);
 vec_without_outliers 
----------------------
 {1,NULL,2}
(1 row)

-- int outliers both limits are null
SELECT vec_without_outliers(ints, NULL, NULL) FROM measurements WHERE sensor_id IN (4);
 vec_without_outliers 
----------------------
 {1,NULL,2}
(1 row)

-- int outliers one limit is null
SELECT vec_without_outliers(ints, NULL, ARRAY[NULL, NULL, 1]::float[]) FROM measurements WHERE sensor_id IN (4);
 vec_without_outliers 
----------------------
 {1,NULL,NULL}
(1 row)

-- int outliers both limits are present
SELECT vec_without_outliers(ints, ARRAY[5, NULL, -5]::float[], ARRAY[NULL, NULL, 1]::float[]) FROM measurements WHERE sensor_id IN (4);
 vec_without_outliers 
----------------------
 {NULL,NULL,NULL}
(1 row)

-- int outliers pass mins and maxes
SELECT vec_without_outliers(ints, ARRAY[-5, -5, -5]::float[], ARRAY[5, 5, 5]::float[]) FROM measurements WHERE sensor_id IN (4);
 vec_without_outliers 
----------------------
 {1,NULL,2}
(1 row)

-- bigint outliers both limits are null
SELECT vec_without_outliers(bigints, NULL, NULL) FROM measurements WHERE sensor_id IN (4);
 vec_without_outliers 
----------------------
 {1,NULL,2}
(1 row)

-- bigint outliers one limit is null
SELECT vec_without_outliers(bigints, NULL, ARRAY[NULL, NULL, 1]::float[]) FROM measurements WHERE sensor_id IN (4);
 vec_without_outliers 
----------------------
 {1,NULL,NULL}
(1 row)

-- bigint outliers both limits are present
SELECT vec_without_outliers(bigints, ARRAY[5, NULL, -5]::float[], ARRAY[NULL, NULL, 1]::float[]) FROM measurements WHERE sensor_id IN (4);
 vec_without_outliers 
----------------------
 {NULL,NULL,NULL}
(1 row)

-- bigint outliers pass mins and maxes
SELECT vec_without_outliers(bigints, ARRAY[-5, -5, -5]::float[], ARRAY[5, 5, 5]::float[]) FROM measurements WHERE sensor_id IN (4);
 vec_without_outliers 
----------------------
 {1,NULL,2}
(1 row)

-- real outliers both limits are null
SELECT vec_without_outliers(reals, NULL, NULL) FROM measurements WHERE sensor_id IN (4);
 vec_without_outliers 
----------------------
 {1,NULL,2}
(1 row)

-- real outliers one limit is null
SELECT vec_without_outliers(reals, NULL, ARRAY[NULL, NULL, 1]::float[]) FROM measurements WHERE sensor_id IN (4);
 vec_without_outliers 
----------------------
 {1,NULL,NULL}
(1 row)

-- real outliers both limits are present
SELECT vec_without_outliers(reals, ARRAY[5, NULL, -5]::float[], ARRAY[NULL, NULL, 1]::float[]) FROM measurements WHERE sensor_id IN (4);
 vec_without_outliers 
----------------------
 {NULL,NULL,NULL}
(1 row)

-- real outliers pass mins and maxes
SELECT vec_without_outliers(reals, ARRAY[-5, -5, -5]::float[], ARRAY[5, 5, 5]::float[]) FROM measurements WHERE sensor_id IN (4);
 vec_without_outliers 
----------------------
 {1,NULL,2}
(1 row)

-- float8 outliers both limits are null
SELECT vec_without_outliers(floats, NULL, NULL) FROM measurements WHERE sensor_id IN (4);
 vec_without_outliers 
----------------------
 {1,NULL,2}
(1 row)

-- float8 outliers one limit is null
SELECT vec_without_outliers(floats, NULL, ARRAY[NULL, NULL, 1]::float[]) FROM measurements WHERE sensor_id IN (4);
 vec_without_outliers 
----------------------
 {1,NULL,NULL}
(1 row)

-- float8 outliers both limits are present
SELECT vec_without_outliers(floats, ARRAY[5, NULL, -5]::float[], ARRAY[NULL, NULL, 1]::float[]) FROM measurements WHERE sensor_id IN (4);
 vec_without_outliers 
----------------------
 {NULL,NULL,NULL}
(1 row)

-- float8 outliers pass mins and maxes
SELECT vec_without_outliers(floats, ARRAY[-5, -5, -5]::float[], ARRAY[5, 5, 5]::float[]) FROM measurements WHERE sensor_id IN (4);
 vec_without_outliers 
----------------------
 {1,NULL,2}
(1 row)

